<?xml version="1.0" encoding="utf-8"?><testsuites name="pytest tests"><testsuite name="pytest" errors="0" failures="0" skipped="0" tests="703" time="1.868" timestamp="2026-06-08T01:19:38.040811+03:00" hostname="lenovo-pc"><testcase classname="tests.integration.test_borrow_fine_workflow.TestOnTimeReturn" name="test_issue_decrements_available_copies" time="0.002" /><testcase classname="tests.integration.test_borrow_fine_workflow.TestOnTimeReturn" name="test_on_time_return_produces_no_fine" time="0.001" /><testcase classname="tests.integration.test_borrow_fine_workflow.TestOnTimeReturn" name="test_return_exactly_on_due_date_no_fine" time="0.001" /><testcase classname="tests.integration.test_borrow_fine_workflow.TestOnTimeReturn" name="test_available_copies_restored_after_on_time_return" time="0.001" /><testcase classname="tests.integration.test_borrow_fine_workflow.TestOnTimeReturn" name="test_reader_active_loans_incremented_then_decremented" time="0.000" /><testcase classname="tests.integration.test_borrow_fine_workflow.TestOnTimeReturn" name="test_return_restores_copy_for_next_borrower" time="0.001" /><testcase classname="tests.integration.test_borrow_fine_workflow.TestOverdueReturn" name="test_one_day_late_creates_one_dollar_fine" time="0.001" /><testcase classname="tests.integration.test_borrow_fine_workflow.TestOverdueReturn" name="test_seven_days_late_creates_seven_dollar_fine" time="0.001" /><testcase classname="tests.integration.test_borrow_fine_workflow.TestOverdueReturn" name="test_fine_stored_in_fine_repo" time="0.000" /><testcase classname="tests.integration.test_borrow_fine_workflow.TestOverdueReturn" name="test_overdue_return_increments_reader_overdue_count" time="0.000" /><testcase classname="tests.integration.test_borrow_fine_workflow.TestOverdueReturn" name="test_on_time_return_does_not_increment_overdue_count" time="0.000" /><testcase classname="tests.integration.test_borrow_fine_workflow.TestFullBorrowOverdueCycle" name="test_full_cycle_borrow_overdue_return_pay" time="0.001" /><testcase classname="tests.integration.test_borrow_fine_workflow.TestFullBorrowOverdueCycle" name="test_two_sequential_loans_accumulate_two_fines" time="0.001" /><testcase classname="tests.integration.test_borrow_fine_workflow.TestFullBorrowOverdueCycle" name="test_pay_all_fines_zeroes_total_unpaid" time="0.001" /><testcase classname="tests.integration.test_borrow_fine_workflow.TestLoanLimitsEndToEnd" name="test_standard_reader_capped_at_3" time="0.001" /><testcase classname="tests.integration.test_borrow_fine_workflow.TestLoanLimitsEndToEnd" name="test_premium_reader_capped_at_5" time="0.001" /><testcase classname="tests.integration.test_borrow_fine_workflow.TestLoanLimitsEndToEnd" name="test_premium_not_blocked_at_standard_limit_of_3" time="0.001" /><testcase classname="tests.integration.test_borrow_fine_workflow.TestLoanLimitsEndToEnd" name="test_return_frees_slot_for_further_borrowing" time="0.001" /><testcase classname="tests.integration.test_borrow_fine_workflow.TestLoanLimitsEndToEnd" name="test_zero_available_copies_raises_immediately" time="0.001" /><testcase classname="tests.integration.test_borrow_fine_workflow.TestLoanLimitsEndToEnd" name="test_multiple_borrows_exhaust_all_copies" time="0.001" /><testcase classname="tests.integration.test_membership_workflow.TestFineBasedBlocking" name="test_unpaid_fines_at_threshold_block_on_evaluate" time="0.001" /><testcase classname="tests.integration.test_membership_workflow.TestFineBasedBlocking" name="test_unpaid_fines_below_threshold_do_not_block" time="0.001" /><testcase classname="tests.integration.test_membership_workflow.TestFineBasedBlocking" name="test_blocked_reader_borrow_rejected" time="0.001" /><testcase classname="tests.integration.test_membership_workflow.TestFineBasedBlocking" name="test_paying_fine_and_evaluating_unblocks_reader" time="0.001" /><testcase classname="tests.integration.test_membership_workflow.TestFineBasedBlocking" name="test_force_unblock_allows_borrow_despite_unpaid_fines" time="0.001" /><testcase classname="tests.integration.test_membership_workflow.TestFineBasedBlocking" name="test_two_sequential_fines_accumulate_to_threshold" time="0.001" /><testcase classname="tests.integration.test_membership_workflow.TestOverdueCountBlocking" name="test_three_overdue_returns_reach_threshold_and_block" time="0.001" /><testcase classname="tests.integration.test_membership_workflow.TestOverdueCountBlocking" name="test_two_overdue_returns_stay_below_threshold" time="0.001" /><testcase classname="tests.integration.test_membership_workflow.TestOverdueCountBlocking" name="test_overdue_count_does_not_increment_on_time_returns" time="0.001" /><testcase classname="tests.integration.test_membership_workflow.TestFullBlockUnblockCycle" name="test_accumulate_fines_block_pay_evaluate_borrow" time="0.001" /><testcase classname="tests.integration.test_membership_workflow.TestFullBlockUnblockCycle" name="test_accumulate_overdues_block_force_unblock_borrow" time="0.001" /><testcase classname="tests.integration.test_membership_workflow.TestFullBlockUnblockCycle" name="test_evaluate_unblocks_reader_when_both_thresholds_cleared" time="0.001" /><testcase classname="tests.integration.test_membership_workflow.TestFullBlockUnblockCycle" name="test_block_via_fines_partial_payment_stays_blocked" time="0.001" /><testcase classname="tests.integration.test_reservation_notification_workflow.TestBasicReservationNotification" name="test_reservation_created_with_active_status" time="0.001" /><testcase classname="tests.integration.test_reservation_notification_workflow.TestBasicReservationNotification" name="test_single_reservation_notified_when_book_returned" time="0.001" /><testcase classname="tests.integration.test_reservation_notification_workflow.TestBasicReservationNotification" name="test_no_reservation_means_no_notification" time="0.001" /><testcase classname="tests.integration.test_reservation_notification_workflow.TestBasicReservationNotification" name="test_notified_reader_can_borrow_returned_book" time="0.001" /><testcase classname="tests.integration.test_reservation_notification_workflow.TestBasicReservationNotification" name="test_available_copies_positive_after_return_before_borrow" time="0.001" /><testcase classname="tests.integration.test_reservation_notification_workflow.TestPriorityQueueNotification" name="test_premium_beats_standard_even_when_standard_reserved_first" time="0.001" /><testcase classname="tests.integration.test_reservation_notification_workflow.TestPriorityQueueNotification" name="test_older_standard_beats_newer_standard" time="0.001" /><testcase classname="tests.integration.test_reservation_notification_workflow.TestPriorityQueueNotification" name="test_older_premium_beats_newer_premium" time="0.001" /><testcase classname="tests.integration.test_reservation_notification_workflow.TestPriorityQueueNotification" name="test_full_premium_beats_standard_then_premium_borrows" time="0.001" /><testcase classname="tests.integration.test_reservation_notification_workflow.TestCancellationAndExpiry" name="test_cancelled_reservation_excluded_from_notification" time="0.001" /><testcase classname="tests.integration.test_reservation_notification_workflow.TestCancellationAndExpiry" name="test_duplicate_reservation_rejected" time="0.001" /><testcase classname="tests.integration.test_reservation_notification_workflow.TestCancellationAndExpiry" name="test_can_re_reserve_after_cancellation" time="0.001" /><testcase classname="tests.integration.test_reservation_notification_workflow.TestCancellationAndExpiry" name="test_expired_reservations_removed_from_queue" time="0.001" /><testcase classname="tests.integration.test_reservation_notification_workflow.TestCancellationAndExpiry" name="test_non_expired_reservation_survives_cleanup" time="0.001" /><testcase classname="tests.integration.test_reservation_notification_workflow.TestCancellationAndExpiry" name="test_reservation_service_get_next_in_queue_respects_priority" time="0.001" /><testcase classname="tests.unit.models.test_book.TestBookCreation" name="test_all_fields_set_correctly" time="0.001" /><testcase classname="tests.unit.models.test_book.TestBookCreation" name="test_default_status_is_available" time="0.000" /><testcase classname="tests.unit.models.test_book.TestBookCreation" name="test_explicit_status_unavailable" time="0.000" /><testcase classname="tests.unit.models.test_book.TestBookCreation" name="test_explicit_status_reserved" time="0.000" /><testcase classname="tests.unit.models.test_book.TestBookCreation" name="test_explicit_status_lost" time="0.000" /><testcase classname="tests.unit.models.test_book.TestBookCreation" name="test_explicit_status_maintenance" time="0.000" /><testcase classname="tests.unit.models.test_book.TestBookCreation" name="test_available_equals_total_is_valid" time="0.000" /><testcase classname="tests.unit.models.test_book.TestBookCreation" name="test_available_copies_zero_is_valid" time="0.000" /><testcase classname="tests.unit.models.test_book.TestBookCreation" name="test_single_copy_book_is_valid" time="0.000" /><testcase classname="tests.unit.models.test_book.TestBookCreation" name="test_isbn_13_no_hyphens" time="0.000" /><testcase classname="tests.unit.models.test_book.TestBookCreation" name="test_isbn_13_with_hyphens" time="0.000" /><testcase classname="tests.unit.models.test_book.TestBookCreation" name="test_isbn_10_digits_only" time="0.000" /><testcase classname="tests.unit.models.test_book.TestBookCreation" name="test_isbn_10_with_x_checksum" time="0.000" /><testcase classname="tests.unit.models.test_book.TestBookCreation" name="test_isbn_10_with_hyphens" time="0.000" /><testcase classname="tests.unit.models.test_book.TestBookCreation" name="test_large_copy_count_is_valid" time="0.000" /><testcase classname="tests.unit.models.test_book.TestBookIdValidation" name="test_empty_id_raises" time="0.000" /><testcase classname="tests.unit.models.test_book.TestBookIdValidation" name="test_whitespace_id_raises" time="0.000" /><testcase classname="tests.unit.models.test_book.TestBookTitleValidation" name="test_empty_title_raises" time="0.001" /><testcase classname="tests.unit.models.test_book.TestBookTitleValidation" name="test_whitespace_only_title_raises" time="0.000" /><testcase classname="tests.unit.models.test_book.TestBookAuthorValidation" name="test_empty_author_raises" time="0.001" /><testcase classname="tests.unit.models.test_book.TestBookAuthorValidation" name="test_whitespace_only_author_raises" time="0.000" /><testcase classname="tests.unit.models.test_book.TestBookIsbnValidation" name="test_empty_isbn_raises" time="0.001" /><testcase classname="tests.unit.models.test_book.TestBookIsbnValidation" name="test_whitespace_only_isbn_raises" time="0.000" /><testcase classname="tests.unit.models.test_book.TestBookIsbnValidation" name="test_isbn_too_short_raises" time="0.000" /><testcase classname="tests.unit.models.test_book.TestBookIsbnValidation" name="test_isbn_11_digits_raises" time="0.000" /><testcase classname="tests.unit.models.test_book.TestBookIsbnValidation" name="test_isbn_with_letters_raises" time="0.000" /><testcase classname="tests.unit.models.test_book.TestBookIsbnValidation" name="test_isbn_with_lowercase_raises" time="0.000" /><testcase classname="tests.unit.models.test_book.TestBookCopiesValidation" name="test_total_copies_zero_raises" time="0.001" /><testcase classname="tests.unit.models.test_book.TestBookCopiesValidation" name="test_total_copies_negative_raises" time="0.000" /><testcase classname="tests.unit.models.test_book.TestBookCopiesValidation" name="test_available_copies_negative_raises" time="0.001" /><testcase classname="tests.unit.models.test_book.TestBookCopiesValidation" name="test_available_copies_exceeds_total_raises" time="0.000" /><testcase classname="tests.unit.models.test_book.TestBookCopiesValidation" name="test_available_exceeds_total_by_one_raises" time="0.000" /><testcase classname="tests.unit.models.test_enums.TestBookStatus" name="test_available_value" time="0.000" /><testcase classname="tests.unit.models.test_enums.TestBookStatus" name="test_unavailable_value" time="0.000" /><testcase classname="tests.unit.models.test_enums.TestBookStatus" name="test_reserved_value" time="0.000" /><testcase classname="tests.unit.models.test_enums.TestBookStatus" name="test_lost_value" time="0.000" /><testcase classname="tests.unit.models.test_enums.TestBookStatus" name="test_maintenance_value" time="0.000" /><testcase classname="tests.unit.models.test_enums.TestBookStatus" name="test_member_count" time="0.000" /><testcase classname="tests.unit.models.test_enums.TestBookStatus" name="test_lookup_by_value" time="0.000" /><testcase classname="tests.unit.models.test_enums.TestMembershipType" name="test_premium_value" time="0.000" /><testcase classname="tests.unit.models.test_enums.TestMembershipType" name="test_standard_value" time="0.000" /><testcase classname="tests.unit.models.test_enums.TestMembershipType" name="test_member_count" time="0.000" /><testcase classname="tests.unit.models.test_enums.TestMembershipType" name="test_lookup_by_value" time="0.000" /><testcase classname="tests.unit.models.test_enums.TestReservationStatus" name="test_active_value" time="0.000" /><testcase classname="tests.unit.models.test_enums.TestReservationStatus" name="test_fulfilled_value" time="0.000" /><testcase classname="tests.unit.models.test_enums.TestReservationStatus" name="test_cancelled_value" time="0.000" /><testcase classname="tests.unit.models.test_enums.TestReservationStatus" name="test_expired_value" time="0.000" /><testcase classname="tests.unit.models.test_enums.TestReservationStatus" name="test_member_count" time="0.000" /><testcase classname="tests.unit.models.test_enums.TestReservationStatus" name="test_lookup_by_value" time="0.000" /><testcase classname="tests.unit.models.test_fine.TestFineCreation" name="test_all_fields_set_correctly" time="0.000" /><testcase classname="tests.unit.models.test_fine.TestFineCreation" name="test_default_is_paid_false" time="0.000" /><testcase classname="tests.unit.models.test_fine.TestFineCreation" name="test_explicit_is_paid_true" time="0.000" /><testcase classname="tests.unit.models.test_fine.TestFineCreation" name="test_minimum_positive_amount_valid" time="0.000" /><testcase classname="tests.unit.models.test_fine.TestFineCreation" name="test_large_amount_valid" time="0.000" /><testcase classname="tests.unit.models.test_fine.TestFineCreation" name="test_integer_amount_valid" time="0.000" /><testcase classname="tests.unit.models.test_fine.TestFineCreation" name="test_amount_precision_preserved" time="0.000" /><testcase classname="tests.unit.models.test_fine.TestFineIdValidation" name="test_empty_id_raises" time="0.000" /><testcase classname="tests.unit.models.test_fine.TestFineIdValidation" name="test_whitespace_id_raises" time="0.000" /><testcase classname="tests.unit.models.test_fine.TestFineIdValidation" name="test_empty_reader_id_raises" time="0.001" /><testcase classname="tests.unit.models.test_fine.TestFineIdValidation" name="test_whitespace_reader_id_raises" time="0.000" /><testcase classname="tests.unit.models.test_fine.TestFineIdValidation" name="test_empty_loan_id_raises" time="0.001" /><testcase classname="tests.unit.models.test_fine.TestFineIdValidation" name="test_whitespace_loan_id_raises" time="0.000" /><testcase classname="tests.unit.models.test_fine.TestFineAmountValidation" name="test_zero_amount_raises" time="0.001" /><testcase classname="tests.unit.models.test_fine.TestFineAmountValidation" name="test_negative_amount_raises" time="0.000" /><testcase classname="tests.unit.models.test_fine.TestFineAmountValidation" name="test_tiny_negative_amount_raises" time="0.000" /><testcase classname="tests.unit.models.test_fine.TestFineAmountValidation" name="test_large_negative_amount_raises" time="0.000" /><testcase classname="tests.unit.models.test_loan.TestLoanCreation" name="test_all_fields_set_correctly" time="0.000" /><testcase classname="tests.unit.models.test_loan.TestLoanCreation" name="test_returned_at_defaults_to_none" time="0.000" /><testcase classname="tests.unit.models.test_loan.TestLoanCreation" name="test_returned_at_set_explicitly" time="0.000" /><testcase classname="tests.unit.models.test_loan.TestLoanCreation" name="test_returned_at_equal_to_issued_is_valid" time="0.000" /><testcase classname="tests.unit.models.test_loan.TestLoanCreation" name="test_returned_at_after_due_date_is_valid" time="0.000" /><testcase classname="tests.unit.models.test_loan.TestLoanCreation" name="test_due_date_one_second_after_issued_is_valid" time="0.000" /><testcase classname="tests.unit.models.test_loan.TestLoanCreation" name="test_long_loan_period_is_valid" time="0.000" /><testcase classname="tests.unit.models.test_loan.TestLoanIdValidation" name="test_empty_id_raises" time="0.000" /><testcase classname="tests.unit.models.test_loan.TestLoanIdValidation" name="test_whitespace_id_raises" time="0.000" /><testcase classname="tests.unit.models.test_loan.TestLoanIdValidation" name="test_empty_book_id_raises" time="0.001" /><testcase classname="tests.unit.models.test_loan.TestLoanIdValidation" name="test_whitespace_book_id_raises" time="0.000" /><testcase classname="tests.unit.models.test_loan.TestLoanIdValidation" name="test_empty_reader_id_raises" time="0.000" /><testcase classname="tests.unit.models.test_loan.TestLoanIdValidation" name="test_whitespace_reader_id_raises" time="0.000" /><testcase classname="tests.unit.models.test_loan.TestLoanDateValidation" name="test_due_date_before_issued_raises" time="0.001" /><testcase classname="tests.unit.models.test_loan.TestLoanDateValidation" name="test_due_date_equal_to_issued_raises" time="0.000" /><testcase classname="tests.unit.models.test_loan.TestLoanDateValidation" name="test_due_date_one_second_before_issued_raises" time="0.000" /><testcase classname="tests.unit.models.test_loan.TestLoanDateValidation" name="test_returned_at_one_second_before_issued_raises" time="0.001" /><testcase classname="tests.unit.models.test_loan.TestLoanIsActiveProperty" name="test_is_active_true_when_not_returned" time="0.000" /><testcase classname="tests.unit.models.test_loan.TestLoanIsActiveProperty" name="test_is_active_false_when_returned" time="0.000" /><testcase classname="tests.unit.models.test_loan.TestLoanIsOverdueMethod" name="test_not_overdue_before_due_date" time="0.000" /><testcase classname="tests.unit.models.test_loan.TestLoanIsOverdueMethod" name="test_not_overdue_exactly_at_due_date" time="0.000" /><testcase classname="tests.unit.models.test_loan.TestLoanIsOverdueMethod" name="test_overdue_one_second_past_due" time="0.000" /><testcase classname="tests.unit.models.test_loan.TestLoanIsOverdueMethod" name="test_overdue_many_days_past_due" time="0.000" /><testcase classname="tests.unit.models.test_loan.TestLoanIsOverdueMethod" name="test_not_overdue_when_returned_even_past_due" time="0.000" /><testcase classname="tests.unit.models.test_reader.TestReaderCreation" name="test_all_fields_set_correctly" time="0.000" /><testcase classname="tests.unit.models.test_reader.TestReaderCreation" name="test_premium_membership_stored" time="0.000" /><testcase classname="tests.unit.models.test_reader.TestReaderCreation" name="test_default_is_blocked_false" time="0.000" /><testcase classname="tests.unit.models.test_reader.TestReaderCreation" name="test_default_active_loans_zero" time="0.000" /><testcase classname="tests.unit.models.test_reader.TestReaderCreation" name="test_default_overdue_count_zero" time="0.000" /><testcase classname="tests.unit.models.test_reader.TestReaderCreation" name="test_explicit_is_blocked_true" time="0.000" /><testcase classname="tests.unit.models.test_reader.TestReaderCreation" name="test_explicit_active_loans" time="0.000" /><testcase classname="tests.unit.models.test_reader.TestReaderCreation" name="test_explicit_overdue_count" time="0.000" /><testcase classname="tests.unit.models.test_reader.TestReaderCreation" name="test_all_fields_explicit" time="0.000" /><testcase classname="tests.unit.models.test_reader.TestReaderCreation" name="test_active_loans_at_zero_boundary" time="0.000" /><testcase classname="tests.unit.models.test_reader.TestReaderCreation" name="test_large_active_loans_value_valid" time="0.000" /><testcase classname="tests.unit.models.test_reader.TestReaderIdValidation" name="test_empty_id_raises" time="0.000" /><testcase classname="tests.unit.models.test_reader.TestReaderIdValidation" name="test_whitespace_id_raises" time="0.000" /><testcase classname="tests.unit.models.test_reader.TestReaderNameValidation" name="test_empty_name_raises" time="0.000" /><testcase classname="tests.unit.models.test_reader.TestReaderNameValidation" name="test_whitespace_only_name_raises" time="0.000" /><testcase classname="tests.unit.models.test_reader.TestReaderCountersValidation" name="test_negative_active_loans_raises" time="0.001" /><testcase classname="tests.unit.models.test_reader.TestReaderCountersValidation" name="test_negative_overdue_count_raises" time="0.001" /><testcase classname="tests.unit.models.test_reader.TestReaderCountersValidation" name="test_highly_negative_active_loans_raises" time="0.000" /><testcase classname="tests.unit.models.test_reservation.TestReservationCreation" name="test_all_fields_set_correctly" time="0.000" /><testcase classname="tests.unit.models.test_reservation.TestReservationCreation" name="test_default_status_is_active" time="0.000" /><testcase classname="tests.unit.models.test_reservation.TestReservationCreation" name="test_explicit_status_fulfilled" time="0.000" /><testcase classname="tests.unit.models.test_reservation.TestReservationCreation" name="test_explicit_status_cancelled" time="0.000" /><testcase classname="tests.unit.models.test_reservation.TestReservationCreation" name="test_explicit_status_expired" time="0.000" /><testcase classname="tests.unit.models.test_reservation.TestReservationCreation" name="test_expires_one_second_after_created_is_valid" time="0.000" /><testcase classname="tests.unit.models.test_reservation.TestReservationCreation" name="test_long_expiry_window_is_valid" time="0.000" /><testcase classname="tests.unit.models.test_reservation.TestReservationIdValidation" name="test_empty_id_raises" time="0.000" /><testcase classname="tests.unit.models.test_reservation.TestReservationIdValidation" name="test_whitespace_id_raises" time="0.000" /><testcase classname="tests.unit.models.test_reservation.TestReservationIdValidation" name="test_empty_book_id_raises" time="0.000" /><testcase classname="tests.unit.models.test_reservation.TestReservationIdValidation" name="test_empty_reader_id_raises" time="0.000" /><testcase classname="tests.unit.models.test_reservation.TestReservationDateValidation" name="test_expires_before_created_raises" time="0.001" /><testcase classname="tests.unit.models.test_reservation.TestReservationDateValidation" name="test_expires_equal_to_created_raises" time="0.000" /><testcase classname="tests.unit.models.test_reservation.TestReservationDateValidation" name="test_expires_one_second_before_created_raises" time="0.000" /><testcase classname="tests.unit.services.test_availability_observer.TestBookAvailableEvent" name="test_book_id_stored" time="0.001" /><testcase classname="tests.unit.services.test_availability_observer.TestBookAvailableEvent" name="test_event_is_immutable" time="0.000" /><testcase classname="tests.unit.services.test_availability_observer.TestBookAvailableEvent" name="test_empty_book_id_raises" time="0.000" /><testcase classname="tests.unit.services.test_availability_observer.TestBookAvailableEvent" name="test_whitespace_book_id_raises" time="0.000" /><testcase classname="tests.unit.services.test_availability_observer.TestBookAvailableEvent" name="test_equal_events_same_book" time="0.000" /><testcase classname="tests.unit.services.test_availability_observer.TestBookAvailableEvent" name="test_unequal_events_different_books" time="0.000" /><testcase classname="tests.unit.services.test_availability_observer.TestAbstractClasses" name="test_observer_abc_cannot_be_instantiated" time="0.000" /><testcase classname="tests.unit.services.test_availability_observer.TestAbstractClasses" name="test_subject_abc_cannot_be_instantiated" time="0.000" /><testcase classname="tests.unit.services.test_availability_observer.TestEventBusSubscribe" name="test_subscribe_registers_observer" time="0.000" /><testcase classname="tests.unit.services.test_availability_observer.TestEventBusSubscribe" name="test_subscribing_twice_is_idempotent" time="0.000" /><testcase classname="tests.unit.services.test_availability_observer.TestEventBusSubscribe" name="test_multiple_distinct_observers_all_receive" time="0.000" /><testcase classname="tests.unit.services.test_availability_observer.TestEventBusSubscribe" name="test_subscribe_returns_none" time="0.000" /><testcase classname="tests.unit.services.test_availability_observer.TestEventBusUnsubscribe" name="test_unsubscribe_stops_notifications" time="0.000" /><testcase classname="tests.unit.services.test_availability_observer.TestEventBusUnsubscribe" name="test_unsubscribe_non_subscribed_raises" time="0.000" /><testcase classname="tests.unit.services.test_availability_observer.TestEventBusUnsubscribe" name="test_unsubscribe_only_removes_target" time="0.000" /><testcase classname="tests.unit.services.test_availability_observer.TestEventBusUnsubscribe" name="test_resubscribe_after_unsubscribe_works" time="0.000" /><testcase classname="tests.unit.services.test_availability_observer.TestEventBusUnsubscribe" name="test_unsubscribe_returns_none" time="0.000" /><testcase classname="tests.unit.services.test_availability_observer.TestEventBusNotify" name="test_no_observers_does_not_raise" time="0.000" /><testcase classname="tests.unit.services.test_availability_observer.TestEventBusNotify" name="test_passes_exact_event_object" time="0.000" /><testcase classname="tests.unit.services.test_availability_observer.TestEventBusNotify" name="test_dispatches_to_all_observers" time="0.000" /><testcase classname="tests.unit.services.test_availability_observer.TestEventBusNotify" name="test_multiple_events_received_in_order" time="0.000" /><testcase classname="tests.unit.services.test_availability_observer.TestEventBusNotify" name="test_snapshot_prevents_mutation_crash" time="0.000" /><testcase classname="tests.unit.services.test_availability_observer.TestEventBusNotify" name="test_failing_observer_propagates_exception" time="0.001" /><testcase classname="tests.unit.services.test_availability_observer.TestEventBusNotify" name="test_mock_observer_called_once_with_event" time="0.002" /><testcase classname="tests.unit.services.test_availability_observer.TestReaderNotifierOnBookAvailable" name="test_no_reservations_records_nothing" time="0.001" /><testcase classname="tests.unit.services.test_availability_observer.TestReaderNotifierOnBookAvailable" name="test_single_reservation_notifies_that_reader" time="0.001" /><testcase classname="tests.unit.services.test_availability_observer.TestReaderNotifierOnBookAvailable" name="test_oldest_created_at_wins_within_same_membership" time="0.001" /><testcase classname="tests.unit.services.test_availability_observer.TestReaderNotifierOnBookAvailable" name="test_premium_wins_over_standard_regardless_of_wait" time="0.001" /><testcase classname="tests.unit.services.test_availability_observer.TestReaderNotifierOnBookAvailable" name="test_two_premium_oldest_wins" time="0.001" /><testcase classname="tests.unit.services.test_availability_observer.TestReaderNotifierOnBookAvailable" name="test_unknown_reader_treated_as_standard" time="0.001" /><testcase classname="tests.unit.services.test_availability_observer.TestReaderNotifierOnBookAvailable" name="test_queries_repo_with_correct_book_id" time="0.001" /><testcase classname="tests.unit.services.test_availability_observer.TestReaderNotifierOnBookAvailable" name="test_notifications_accumulate_across_events" time="0.001" /><testcase classname="tests.unit.services.test_availability_observer.TestReaderNotifierOnBookAvailable" name="test_only_first_in_queue_notified" time="0.001" /><testcase classname="tests.unit.services.test_availability_observer.TestReaderNotifierGetNotifications" name="test_initially_empty" time="0.001" /><testcase classname="tests.unit.services.test_availability_observer.TestReaderNotifierGetNotifications" name="test_returns_defensive_copy" time="0.001" /><testcase classname="tests.unit.services.test_availability_observer.TestReaderNotifierGetNotifications" name="test_get_notifications_for_reader_filters" time="0.001" /><testcase classname="tests.unit.services.test_availability_observer.TestReaderNotifierGetNotifications" name="test_notification_is_immutable" time="0.000" /><testcase classname="tests.unit.services.test_availability_observer.TestEventBusWithReaderNotifier" name="test_notifier_receives_event_published_through_bus" time="0.001" /><testcase classname="tests.unit.services.test_availability_observer.TestEventBusWithReaderNotifier" name="test_unsubscribed_notifier_receives_nothing" time="0.001" /><testcase classname="tests.unit.services.test_availability_observer.TestEventBusWithReaderNotifier" name="test_independent_buses_do_not_cross_notify" time="0.001" /><testcase classname="tests.unit.services.test_fine_strategies.TestFineStrategyAbc" name="test_cannot_instantiate_abstract_class" time="0.000" /><testcase classname="tests.unit.services.test_fine_strategies.TestFlatFineStrategyCreation" name="test_zero_daily_rate_raises" time="0.001" /><testcase classname="tests.unit.services.test_fine_strategies.TestFlatFineStrategyCreation" name="test_negative_daily_rate_raises" time="0.000" /><testcase classname="tests.unit.services.test_fine_strategies.TestFlatFineStrategyCreation" name="test_valid_rate_constructs" time="0.000" /><testcase classname="tests.unit.services.test_fine_strategies.TestFlatFineStrategyCalculate" name="test_returned_on_due_date_is_zero" time="0.000" /><testcase classname="tests.unit.services.test_fine_strategies.TestFlatFineStrategyCalculate" name="test_returned_before_due_date_is_zero" time="0.000" /><testcase classname="tests.unit.services.test_fine_strategies.TestFlatFineStrategyCalculate" name="test_one_day_overdue" time="0.000" /><testcase classname="tests.unit.services.test_fine_strategies.TestFlatFineStrategyCalculate" name="test_three_days_overdue" time="0.000" /><testcase classname="tests.unit.services.test_fine_strategies.TestFlatFineStrategyCalculate" name="test_seven_days_overdue" time="0.000" /><testcase classname="tests.unit.services.test_fine_strategies.TestFlatFineStrategyCalculate" name="test_result_scales_linearly_with_rate" time="0.000" /><testcase classname="tests.unit.services.test_fine_strategies.TestFlatFineStrategyCalculate" name="test_large_overdue_no_internal_cap" time="0.000" /><testcase classname="tests.unit.services.test_fine_strategies.TestFlatFineStrategyCalculate" name="test_fractional_rate" time="0.000" /><testcase classname="tests.unit.services.test_fine_strategies.TestProgressiveFineStrategyCreation" name="test_zero_base_rate_raises" time="0.001" /><testcase classname="tests.unit.services.test_fine_strategies.TestProgressiveFineStrategyCreation" name="test_negative_base_rate_raises" time="0.000" /><testcase classname="tests.unit.services.test_fine_strategies.TestProgressiveFineStrategyCreation" name="test_negative_increment_raises" time="0.001" /><testcase classname="tests.unit.services.test_fine_strategies.TestProgressiveFineStrategyCreation" name="test_zero_cap_raises" time="0.000" /><testcase classname="tests.unit.services.test_fine_strategies.TestProgressiveFineStrategyCreation" name="test_negative_cap_raises" time="0.000" /><testcase classname="tests.unit.services.test_fine_strategies.TestProgressiveFineStrategyCreation" name="test_valid_params_construct" time="0.000" /><testcase classname="tests.unit.services.test_fine_strategies.TestProgressiveFineStrategyCalculate" name="test_returned_on_due_date_is_zero" time="0.000" /><testcase classname="tests.unit.services.test_fine_strategies.TestProgressiveFineStrategyCalculate" name="test_returned_before_due_is_zero" time="0.000" /><testcase classname="tests.unit.services.test_fine_strategies.TestProgressiveFineStrategyCalculate" name="test_one_day_equals_base_rate" time="0.000" /><testcase classname="tests.unit.services.test_fine_strategies.TestProgressiveFineStrategyCalculate" name="test_two_days_cumulative" time="0.000" /><testcase classname="tests.unit.services.test_fine_strategies.TestProgressiveFineStrategyCalculate" name="test_three_days_cumulative" time="0.000" /><testcase classname="tests.unit.services.test_fine_strategies.TestProgressiveFineStrategyCalculate" name="test_four_days_cumulative" time="0.000" /><testcase classname="tests.unit.services.test_fine_strategies.TestProgressiveFineStrategyCalculate" name="test_cap_applied_when_exceeded" time="0.000" /><testcase classname="tests.unit.services.test_fine_strategies.TestProgressiveFineStrategyCalculate" name="test_result_exactly_at_cap_boundary" time="0.000" /><testcase classname="tests.unit.services.test_fine_strategies.TestProgressiveFineStrategyCalculate" name="test_zero_increment_behaves_like_flat" time="0.000" /><testcase classname="tests.unit.services.test_fine_strategies.TestProgressiveFineStrategyCalculate" name="test_cap_less_than_base_rate_clamps_from_day_one" time="0.000" /><testcase classname="tests.unit.services.test_fine_strategies.TestWeekendExemptStrategyCreation" name="test_zero_rate_raises" time="0.000" /><testcase classname="tests.unit.services.test_fine_strategies.TestWeekendExemptStrategyCreation" name="test_negative_rate_raises" time="0.000" /><testcase classname="tests.unit.services.test_fine_strategies.TestWeekendExemptStrategyCreation" name="test_valid_rate_constructs" time="0.000" /><testcase classname="tests.unit.services.test_fine_strategies.TestWeekendExemptStrategyCalculate" name="test_returned_on_due_date_is_zero" time="0.000" /><testcase classname="tests.unit.services.test_fine_strategies.TestWeekendExemptStrategyCalculate" name="test_returned_before_due_is_zero" time="0.000" /><testcase classname="tests.unit.services.test_fine_strategies.TestWeekendExemptStrategyCalculate" name="test_one_weekday_overdue" time="0.000" /><testcase classname="tests.unit.services.test_fine_strategies.TestWeekendExemptStrategyCalculate" name="test_four_weekdays_in_same_week" time="0.000" /><testcase classname="tests.unit.services.test_fine_strategies.TestWeekendExemptStrategyCalculate" name="test_saturday_not_counted" time="0.000" /><testcase classname="tests.unit.services.test_fine_strategies.TestWeekendExemptStrategyCalculate" name="test_sunday_not_counted" time="0.000" /><testcase classname="tests.unit.services.test_fine_strategies.TestWeekendExemptStrategyCalculate" name="test_full_weekend_skipped_next_monday" time="0.000" /><testcase classname="tests.unit.services.test_fine_strategies.TestWeekendExemptStrategyCalculate" name="test_due_friday_returned_saturday_is_zero" time="0.000" /><testcase classname="tests.unit.services.test_fine_strategies.TestWeekendExemptStrategyCalculate" name="test_due_friday_returned_sunday_is_zero" time="0.000" /><testcase classname="tests.unit.services.test_fine_strategies.TestWeekendExemptStrategyCalculate" name="test_due_friday_returned_next_monday_one_weekday" time="0.000" /><testcase classname="tests.unit.services.test_fine_strategies.TestWeekendExemptStrategyCalculate" name="test_due_saturday_returned_next_monday_one_weekday" time="0.000" /><testcase classname="tests.unit.services.test_fine_strategies.TestWeekendExemptStrategyCalculate" name="test_due_sunday_returned_next_monday_one_weekday" time="0.000" /><testcase classname="tests.unit.services.test_fine_strategies.TestWeekendExemptStrategyCalculate" name="test_two_full_weeks_nine_weekdays" time="0.000" /><testcase classname="tests.unit.services.test_fine_strategies.TestWeekendExemptStrategyCalculate" name="test_rate_multiplied_correctly" time="0.000" /><testcase classname="tests.unit.services.test_fine_strategies.TestWeekendExemptStrategyCalculate" name="test_all_overdue_days_weekend_returns_zero" time="0.000" /><testcase classname="tests.unit.services.test_fine_strategies.TestCappedFineStrategyCreation" name="test_zero_cap_raises" time="0.000" /><testcase classname="tests.unit.services.test_fine_strategies.TestCappedFineStrategyCreation" name="test_negative_cap_raises" time="0.000" /><testcase classname="tests.unit.services.test_fine_strategies.TestCappedFineStrategyCreation" name="test_non_strategy_inner_raises" time="0.001" /><testcase classname="tests.unit.services.test_fine_strategies.TestCappedFineStrategyCreation" name="test_valid_args_construct" time="0.000" /><testcase classname="tests.unit.services.test_fine_strategies.TestCappedFineStrategyCalculate" name="test_below_cap_returns_inner_result" time="0.000" /><testcase classname="tests.unit.services.test_fine_strategies.TestCappedFineStrategyCalculate" name="test_above_cap_returns_cap" time="0.000" /><testcase classname="tests.unit.services.test_fine_strategies.TestCappedFineStrategyCalculate" name="test_exactly_at_cap_returns_cap" time="0.000" /><testcase classname="tests.unit.services.test_fine_strategies.TestCappedFineStrategyCalculate" name="test_zero_overdue_returns_zero" time="0.000" /><testcase classname="tests.unit.services.test_fine_strategies.TestCappedFineStrategyCalculate" name="test_wraps_progressive_strategy" time="0.000" /><testcase classname="tests.unit.services.test_fine_strategies.TestCappedFineStrategyCalculate" name="test_wraps_weekend_exempt_strategy" time="0.000" /><testcase classname="tests.unit.services.test_fine_strategies.TestCappedFineStrategyCalculate" name="test_cap_above_max_possible_fine_has_no_effect" time="0.000" /><testcase classname="tests.unit.services.test_fine_strategies.TestFineStrategyFactory" name="test_flat_returns_flat_instance" time="0.000" /><testcase classname="tests.unit.services.test_fine_strategies.TestFineStrategyFactory" name="test_progressive_returns_progressive_instance" time="0.000" /><testcase classname="tests.unit.services.test_fine_strategies.TestFineStrategyFactory" name="test_weekend_exempt_returns_correct_instance" time="0.000" /><testcase classname="tests.unit.services.test_fine_strategies.TestFineStrategyFactory" name="test_capped_returns_capped_instance" time="0.000" /><testcase classname="tests.unit.services.test_fine_strategies.TestFineStrategyFactory" name="test_from_name_flat" time="0.000" /><testcase classname="tests.unit.services.test_fine_strategies.TestFineStrategyFactory" name="test_from_name_progressive" time="0.000" /><testcase classname="tests.unit.services.test_fine_strategies.TestFineStrategyFactory" name="test_from_name_weekend_exempt" time="0.000" /><testcase classname="tests.unit.services.test_fine_strategies.TestFineStrategyFactory" name="test_from_name_unknown_raises" time="0.001" /><testcase classname="tests.unit.services.test_loan_service.TestIssuebookSuccess" name="test_returns_loan_with_correct_ids" time="0.004" /><testcase classname="tests.unit.services.test_loan_service.TestIssuebookSuccess" name="test_issued_at_taken_from_clock" time="0.004" /><testcase classname="tests.unit.services.test_loan_service.TestIssuebookSuccess" name="test_due_date_defaults_to_14_days" time="0.003" /><testcase classname="tests.unit.services.test_loan_service.TestIssuebookSuccess" name="test_custom_loan_days_respected" time="0.004" /><testcase classname="tests.unit.services.test_loan_service.TestIssuebookSuccess" name="test_loan_added_to_repo" time="0.003" /><testcase classname="tests.unit.services.test_loan_service.TestIssuebookSuccess" name="test_available_copies_decremented" time="0.003" /><testcase classname="tests.unit.services.test_loan_service.TestIssuebookSuccess" name="test_book_repo_updated" time="0.004" /><testcase classname="tests.unit.services.test_loan_service.TestIssuebookSuccess" name="test_reader_active_loans_incremented" time="0.004" /><testcase classname="tests.unit.services.test_loan_service.TestIssuebookSuccess" name="test_reader_repo_updated" time="0.004" /><testcase classname="tests.unit.services.test_loan_service.TestIssuebookSuccess" name="test_loan_has_non_empty_id" time="0.004" /><testcase classname="tests.unit.services.test_loan_service.TestIssuebookValidation" name="test_reader_not_found_raises" time="0.003" /><testcase classname="tests.unit.services.test_loan_service.TestIssuebookValidation" name="test_reader_blocked_raises" time="0.003" /><testcase classname="tests.unit.services.test_loan_service.TestIssuebookValidation" name="test_blocked_reader_never_reaches_book_lookup" time="0.002" /><testcase classname="tests.unit.services.test_loan_service.TestIssuebookValidation" name="test_book_not_found_raises" time="0.002" /><testcase classname="tests.unit.services.test_loan_service.TestIssuebookValidation" name="test_no_available_copies_raises" time="0.002" /><testcase classname="tests.unit.services.test_loan_service.TestIssuebookValidation" name="test_no_available_copies_does_not_modify_repo" time="0.004" /><testcase classname="tests.unit.services.test_loan_service.TestLoanLimits" name="test_standard_at_limit_3_raises" time="0.003" /><testcase classname="tests.unit.services.test_loan_service.TestLoanLimits" name="test_standard_below_limit_2_succeeds" time="0.004" /><testcase classname="tests.unit.services.test_loan_service.TestLoanLimits" name="test_premium_at_limit_5_raises" time="0.003" /><testcase classname="tests.unit.services.test_loan_service.TestLoanLimits" name="test_premium_below_limit_4_succeeds" time="0.003" /><testcase classname="tests.unit.services.test_loan_service.TestLoanLimits" name="test_premium_not_blocked_at_standard_limit_3" time="0.003" /><testcase classname="tests.unit.services.test_loan_service.TestLoanLimits" name="test_standard_blocked_at_3_premium_not_at_3" time="0.003" /><testcase classname="tests.unit.services.test_membership_service.TestEvaluate" name="test_reader_not_found_raises" time="0.002" /><testcase classname="tests.unit.services.test_membership_service.TestEvaluate" name="test_unpaid_above_threshold_blocks" time="0.002" /><testcase classname="tests.unit.services.test_membership_service.TestEvaluate" name="test_unpaid_exactly_at_threshold_blocks" time="0.002" /><testcase classname="tests.unit.services.test_membership_service.TestEvaluate" name="test_unpaid_below_threshold_does_not_block" time="0.002" /><testcase classname="tests.unit.services.test_membership_service.TestEvaluate" name="test_overdue_count_at_threshold_blocks" time="0.002" /><testcase classname="tests.unit.services.test_membership_service.TestEvaluate" name="test_overdue_count_above_threshold_blocks" time="0.003" /><testcase classname="tests.unit.services.test_membership_service.TestEvaluate" name="test_overdue_count_below_threshold_does_not_block" time="0.002" /><testcase classname="tests.unit.services.test_membership_service.TestEvaluate" name="test_both_thresholds_exceeded_blocks" time="0.002" /><testcase classname="tests.unit.services.test_membership_service.TestEvaluate" name="test_unblocks_previously_blocked_reader_when_below_thresholds" time="0.002" /><testcase classname="tests.unit.services.test_membership_service.TestEvaluate" name="test_reader_repo_updated" time="0.002" /><testcase classname="tests.unit.services.test_membership_service.TestEvaluate" name="test_returns_true_when_blocked" time="0.002" /><testcase classname="tests.unit.services.test_membership_service.TestEvaluate" name="test_returns_false_when_not_blocked" time="0.002" /><testcase classname="tests.unit.services.test_membership_service.TestEvaluate" name="test_zero_unpaid_zero_overdue_does_not_block" time="0.002" /><testcase classname="tests.unit.services.test_membership_service.TestBlock" name="test_reader_not_found_raises" time="0.002" /><testcase classname="tests.unit.services.test_membership_service.TestBlock" name="test_sets_is_blocked_true" time="0.002" /><testcase classname="tests.unit.services.test_membership_service.TestBlock" name="test_already_blocked_stays_blocked" time="0.002" /><testcase classname="tests.unit.services.test_membership_service.TestBlock" name="test_reader_repo_updated" time="0.002" /><testcase classname="tests.unit.services.test_membership_service.TestUnblock" name="test_reader_not_found_raises" time="0.002" /><testcase classname="tests.unit.services.test_membership_service.TestUnblock" name="test_sets_is_blocked_false" time="0.003" /><testcase classname="tests.unit.services.test_membership_service.TestUnblock" name="test_already_unblocked_stays_unblocked" time="0.003" /><testcase classname="tests.unit.services.test_membership_service.TestUnblock" name="test_reader_repo_updated" time="0.002" /><testcase classname="tests.unit.services.test_reservation_service.TestReserveValidation" name="test_reader_not_found_raises" time="0.003" /><testcase classname="tests.unit.services.test_reservation_service.TestReserveValidation" name="test_reader_blocked_raises" time="0.003" /><testcase classname="tests.unit.services.test_reservation_service.TestReserveValidation" name="test_book_not_found_raises" time="0.003" /><testcase classname="tests.unit.services.test_reservation_service.TestReserveValidation" name="test_duplicate_active_reservation_raises" time="0.003" /><testcase classname="tests.unit.services.test_reservation_service.TestReserveValidation" name="test_existing_reservation_for_other_reader_does_not_block" time="0.003" /><testcase classname="tests.unit.services.test_reservation_service.TestReserveSuccess" name="test_returns_reservation_with_correct_ids" time="0.003" /><testcase classname="tests.unit.services.test_reservation_service.TestReserveSuccess" name="test_created_at_from_clock" time="0.003" /><testcase classname="tests.unit.services.test_reservation_service.TestReserveSuccess" name="test_expires_at_is_clock_plus_expiry_days" time="0.003" /><testcase classname="tests.unit.services.test_reservation_service.TestReserveSuccess" name="test_custom_expiry_days" time="0.003" /><testcase classname="tests.unit.services.test_reservation_service.TestReserveSuccess" name="test_status_is_active" time="0.003" /><testcase classname="tests.unit.services.test_reservation_service.TestReserveSuccess" name="test_reservation_added_to_repo" time="0.003" /><testcase classname="tests.unit.services.test_reservation_service.TestReserveSuccess" name="test_non_empty_id_generated" time="0.003" /><testcase classname="tests.unit.services.test_reservation_service.TestCancel" name="test_not_found_raises" time="0.003" /><testcase classname="tests.unit.services.test_reservation_service.TestCancel" name="test_sets_status_to_cancelled" time="0.003" /><testcase classname="tests.unit.services.test_reservation_service.TestCancel" name="test_repo_updated" time="0.004" /><testcase classname="tests.unit.services.test_reservation_service.TestExpireOld" name="test_reservation_past_expiry_is_expired" time="0.003" /><testcase classname="tests.unit.services.test_reservation_service.TestExpireOld" name="test_reservation_not_yet_expired_stays_active" time="0.003" /><testcase classname="tests.unit.services.test_reservation_service.TestExpireOld" name="test_exactly_at_expiry_is_expired" time="0.003" /><testcase classname="tests.unit.services.test_reservation_service.TestExpireOld" name="test_returns_only_newly_expired" time="0.003" /><testcase classname="tests.unit.services.test_reservation_service.TestExpireOld" name="test_uses_clock_when_as_of_not_provided" time="0.003" /><testcase classname="tests.unit.services.test_reservation_service.TestExpireOld" name="test_updates_repo_for_each_expired" time="0.003" /><testcase classname="tests.unit.services.test_reservation_service.TestExpireOld" name="test_empty_list_returned_when_none_expired" time="0.003" /><testcase classname="tests.unit.services.test_reservation_service.TestGetNextInQueue" name="test_no_reservations_returns_none" time="0.003" /><testcase classname="tests.unit.services.test_reservation_service.TestGetNextInQueue" name="test_single_active_reservation_returned" time="0.003" /><testcase classname="tests.unit.services.test_reservation_service.TestGetNextInQueue" name="test_premium_before_standard_regardless_of_age" time="0.003" /><testcase classname="tests.unit.services.test_reservation_service.TestGetNextInQueue" name="test_oldest_first_within_standard" time="0.003" /><testcase classname="tests.unit.services.test_reservation_service.TestGetNextInQueue" name="test_oldest_first_within_premium" time="0.003" /><testcase classname="tests.unit.services.test_reservation_service.TestGetNextInQueue" name="test_unknown_reader_defaults_to_standard_rank" time="0.003" /><testcase classname="tests.unit.services.test_reservation_service.TestGetNextInQueue" name="test_queries_repo_with_correct_book_id" time="0.003" /><testcase classname="tests.unit.services.test_return_service.TestReturnValidation" name="test_loan_not_found_raises" time="0.005" /><testcase classname="tests.unit.services.test_return_service.TestReturnValidation" name="test_already_returned_raises" time="0.004" /><testcase classname="tests.unit.services.test_return_service.TestOnTimeReturn" name="test_returns_none" time="0.005" /><testcase classname="tests.unit.services.test_return_service.TestOnTimeReturn" name="test_fine_repo_not_called" time="0.005" /><testcase classname="tests.unit.services.test_return_service.TestOnTimeReturn" name="test_returned_at_set_from_clock" time="0.005" /><testcase classname="tests.unit.services.test_return_service.TestOnTimeReturn" name="test_loan_repo_updated" time="0.005" /><testcase classname="tests.unit.services.test_return_service.TestOnTimeReturn" name="test_book_available_copies_incremented" time="0.005" /><testcase classname="tests.unit.services.test_return_service.TestOnTimeReturn" name="test_book_repo_updated" time="0.006" /><testcase classname="tests.unit.services.test_return_service.TestOnTimeReturn" name="test_reader_active_loans_decremented" time="0.005" /><testcase classname="tests.unit.services.test_return_service.TestOnTimeReturn" name="test_reader_overdue_count_unchanged" time="0.006" /><testcase classname="tests.unit.services.test_return_service.TestOnTimeReturn" name="test_reader_repo_updated" time="0.005" /><testcase classname="tests.unit.services.test_return_service.TestOnTimeReturn" name="test_event_bus_notified_with_book_id" time="0.005" /><testcase classname="tests.unit.services.test_return_service.TestOnTimeReturn" name="test_strategy_called_with_due_and_return_dates" time="0.005" /><testcase classname="tests.unit.services.test_return_service.TestOnTimeReturn" name="test_reader_active_loans_floored_at_zero" time="0.006" /><testcase classname="tests.unit.services.test_return_service.TestOverdueReturn" name="test_returns_fine_object" time="0.005" /><testcase classname="tests.unit.services.test_return_service.TestOverdueReturn" name="test_fine_amount_from_strategy" time="0.005" /><testcase classname="tests.unit.services.test_return_service.TestOverdueReturn" name="test_fine_linked_to_reader_and_loan" time="0.006" /><testcase classname="tests.unit.services.test_return_service.TestOverdueReturn" name="test_fine_not_paid_initially" time="0.006" /><testcase classname="tests.unit.services.test_return_service.TestOverdueReturn" name="test_fine_repo_add_called" time="0.016" /><testcase classname="tests.unit.services.test_return_service.TestOverdueReturn" name="test_reader_overdue_count_incremented" time="0.005" /><testcase classname="tests.unit.services.test_return_service.TestOverdueReturn" name="test_event_bus_notified_even_when_overdue" time="0.009" /><testcase classname="tests.unit.services.test_return_service.TestOverdueReturn" name="test_strategy_receives_date_objects_not_datetimes" time="0.008" /><testcase classname="tests.unit.services.test_services_parametrized.TestLoanAvailableCopiesBoundaries" name="test_available_copies[0-True]" time="0.003" /><testcase classname="tests.unit.services.test_services_parametrized.TestLoanAvailableCopiesBoundaries" name="test_available_copies[1-False]" time="0.003" /><testcase classname="tests.unit.services.test_services_parametrized.TestLoanAvailableCopiesBoundaries" name="test_available_copies[2-False]" time="0.003" /><testcase classname="tests.unit.services.test_services_parametrized.TestLoanAvailableCopiesBoundaries" name="test_available_copies[10-False]" time="0.004" /><testcase classname="tests.unit.services.test_services_parametrized.TestLoanAvailableCopiesBoundaries" name="test_available_copies[100-False]" time="0.003" /><testcase classname="tests.unit.services.test_services_parametrized.TestLoanAvailableCopiesBoundaries" name="test_available_copies_decremented_by_one[1]" time="0.003" /><testcase classname="tests.unit.services.test_services_parametrized.TestLoanAvailableCopiesBoundaries" name="test_available_copies_decremented_by_one[2]" time="0.003" /><testcase classname="tests.unit.services.test_services_parametrized.TestLoanAvailableCopiesBoundaries" name="test_available_copies_decremented_by_one[5]" time="0.003" /><testcase classname="tests.unit.services.test_services_parametrized.TestLoanAvailableCopiesBoundaries" name="test_empty_book_repo_raises_not_found" time="0.002" /><testcase classname="tests.unit.services.test_services_parametrized.TestLoanLimitBoundaries" name="test_loan_limit[MembershipType.STANDARD-0-False]" time="0.003" /><testcase classname="tests.unit.services.test_services_parametrized.TestLoanLimitBoundaries" name="test_loan_limit[MembershipType.STANDARD-1-False]" time="0.003" /><testcase classname="tests.unit.services.test_services_parametrized.TestLoanLimitBoundaries" name="test_loan_limit[MembershipType.STANDARD-2-False]" time="0.003" /><testcase classname="tests.unit.services.test_services_parametrized.TestLoanLimitBoundaries" name="test_loan_limit[MembershipType.STANDARD-3-True]" time="0.003" /><testcase classname="tests.unit.services.test_services_parametrized.TestLoanLimitBoundaries" name="test_loan_limit[MembershipType.STANDARD-4-True]" time="0.002" /><testcase classname="tests.unit.services.test_services_parametrized.TestLoanLimitBoundaries" name="test_loan_limit[MembershipType.PREMIUM-0-False]" time="0.003" /><testcase classname="tests.unit.services.test_services_parametrized.TestLoanLimitBoundaries" name="test_loan_limit[MembershipType.PREMIUM-3-False]" time="0.003" /><testcase classname="tests.unit.services.test_services_parametrized.TestLoanLimitBoundaries" name="test_loan_limit[MembershipType.PREMIUM-4-False]" time="0.003" /><testcase classname="tests.unit.services.test_services_parametrized.TestLoanLimitBoundaries" name="test_loan_limit[MembershipType.PREMIUM-5-True]" time="0.003" /><testcase classname="tests.unit.services.test_services_parametrized.TestLoanLimitBoundaries" name="test_loan_limit[MembershipType.PREMIUM-6-True]" time="0.003" /><testcase classname="tests.unit.services.test_services_parametrized.TestLoanLimitBoundaries" name="test_empty_loan_repo_is_below_any_limit" time="0.008" /><testcase classname="tests.unit.services.test_services_parametrized.TestLoanBlockedReader" name="test_blocked_state[True-True]" time="0.005" /><testcase classname="tests.unit.services.test_services_parametrized.TestLoanBlockedReader" name="test_blocked_state[False-False]" time="0.005" /><testcase classname="tests.unit.services.test_services_parametrized.TestLoanBlockedReader" name="test_blocked_reader_does_not_consume_copy" time="0.005" /><testcase classname="tests.unit.services.test_services_parametrized.TestLoanDaysVariants" name="test_due_date_offset[1]" time="0.007" /><testcase classname="tests.unit.services.test_services_parametrized.TestLoanDaysVariants" name="test_due_date_offset[7]" time="0.007" /><testcase classname="tests.unit.services.test_services_parametrized.TestLoanDaysVariants" name="test_due_date_offset[14]" time="0.006" /><testcase classname="tests.unit.services.test_services_parametrized.TestLoanDaysVariants" name="test_due_date_offset[21]" time="0.004" /><testcase classname="tests.unit.services.test_services_parametrized.TestLoanDaysVariants" name="test_due_date_offset[30]" time="0.003" /><testcase classname="tests.unit.services.test_services_parametrized.TestLoanDaysVariants" name="test_due_date_offset[90]" time="0.003" /><testcase classname="tests.unit.services.test_services_parametrized.TestLoanDaysVariants" name="test_due_date_offset[365]" time="0.004" /><testcase classname="tests.unit.services.test_services_parametrized.TestReturnOverdueDaysBoundaries" name="test_fine_creation[-7-fine_amount0-False]" time="0.008" /><testcase classname="tests.unit.services.test_services_parametrized.TestReturnOverdueDaysBoundaries" name="test_fine_creation[-1-fine_amount1-False]" time="0.006" /><testcase classname="tests.unit.services.test_services_parametrized.TestReturnOverdueDaysBoundaries" name="test_fine_creation[0-fine_amount2-False]" time="0.005" /><testcase classname="tests.unit.services.test_services_parametrized.TestReturnOverdueDaysBoundaries" name="test_fine_creation[1-fine_amount3-True]" time="0.005" /><testcase classname="tests.unit.services.test_services_parametrized.TestReturnOverdueDaysBoundaries" name="test_fine_creation[5-fine_amount4-True]" time="0.004" /><testcase classname="tests.unit.services.test_services_parametrized.TestReturnOverdueDaysBoundaries" name="test_fine_creation[14-fine_amount5-True]" time="0.004" /><testcase classname="tests.unit.services.test_services_parametrized.TestReturnOverdueDaysBoundaries" name="test_fine_creation[30-fine_amount6-True]" time="0.008" /><testcase classname="tests.unit.services.test_services_parametrized.TestReturnOverdueDaysBoundaries" name="test_fine_creation[365-fine_amount7-True]" time="0.007" /><testcase classname="tests.unit.services.test_services_parametrized.TestReturnOverdueDaysBoundaries" name="test_on_time_overdue_count_unchanged[-7]" time="0.006" /><testcase classname="tests.unit.services.test_services_parametrized.TestReturnOverdueDaysBoundaries" name="test_on_time_overdue_count_unchanged[-1]" time="0.006" /><testcase classname="tests.unit.services.test_services_parametrized.TestReturnOverdueDaysBoundaries" name="test_on_time_overdue_count_unchanged[0]" time="0.005" /><testcase classname="tests.unit.services.test_services_parametrized.TestReturnOverdueDaysBoundaries" name="test_overdue_increments_overdue_count[1]" time="0.005" /><testcase classname="tests.unit.services.test_services_parametrized.TestReturnOverdueDaysBoundaries" name="test_overdue_increments_overdue_count[3]" time="0.005" /><testcase classname="tests.unit.services.test_services_parametrized.TestReturnOverdueDaysBoundaries" name="test_overdue_increments_overdue_count[14]" time="0.006" /><testcase classname="tests.unit.services.test_services_parametrized.TestReturnActiveLoanFloor" name="test_active_loans_decrement_with_floor[0-0]" time="0.004" /><testcase classname="tests.unit.services.test_services_parametrized.TestReturnActiveLoanFloor" name="test_active_loans_decrement_with_floor[1-0]" time="0.005" /><testcase classname="tests.unit.services.test_services_parametrized.TestReturnActiveLoanFloor" name="test_active_loans_decrement_with_floor[2-1]" time="0.007" /><testcase classname="tests.unit.services.test_services_parametrized.TestReturnActiveLoanFloor" name="test_active_loans_decrement_with_floor[5-4]" time="0.007" /><testcase classname="tests.unit.services.test_services_parametrized.TestReturnStrategyReceivesDateObjects" name="test_strategy_called_with_date_not_datetime[-5]" time="0.006" /><testcase classname="tests.unit.services.test_services_parametrized.TestReturnStrategyReceivesDateObjects" name="test_strategy_called_with_date_not_datetime[0]" time="0.004" /><testcase classname="tests.unit.services.test_services_parametrized.TestReturnStrategyReceivesDateObjects" name="test_strategy_called_with_date_not_datetime[7]" time="0.006" /><testcase classname="tests.unit.services.test_services_parametrized.TestReturnStrategyReceivesDateObjects" name="test_strategy_called_with_date_not_datetime[30]" time="0.006" /><testcase classname="tests.unit.services.test_services_parametrized.TestReservationExpiryBoundaries" name="test_expiry_boundary[-1-True]" time="0.003" /><testcase classname="tests.unit.services.test_services_parametrized.TestReservationExpiryBoundaries" name="test_expiry_boundary[0-True]" time="0.003" /><testcase classname="tests.unit.services.test_services_parametrized.TestReservationExpiryBoundaries" name="test_expiry_boundary[1-False]" time="0.003" /><testcase classname="tests.unit.services.test_services_parametrized.TestReservationExpiryBoundaries" name="test_expiry_boundary[86400-False]" time="0.003" /><testcase classname="tests.unit.services.test_services_parametrized.TestNonActiveReservationsNotExpired" name="test_non_active_not_returned_by_find_active[ReservationStatus.CANCELLED]" time="0.001" /><testcase classname="tests.unit.services.test_services_parametrized.TestNonActiveReservationsNotExpired" name="test_non_active_not_returned_by_find_active[ReservationStatus.FULFILLED]" time="0.001" /><testcase classname="tests.unit.services.test_services_parametrized.TestNonActiveReservationsNotExpired" name="test_non_active_not_returned_by_find_active[ReservationStatus.EXPIRED]" time="0.001" /><testcase classname="tests.unit.services.test_services_parametrized.TestReservationPriorityQueue" name="test_priority_order[memberships_by_age0-0]" time="0.004" /><testcase classname="tests.unit.services.test_services_parametrized.TestReservationPriorityQueue" name="test_priority_order[memberships_by_age1-1]" time="0.003" /><testcase classname="tests.unit.services.test_services_parametrized.TestReservationPriorityQueue" name="test_priority_order[memberships_by_age2-1]" time="0.003" /><testcase classname="tests.unit.services.test_services_parametrized.TestReservationPriorityQueue" name="test_priority_order[memberships_by_age3-1]" time="0.003" /><testcase classname="tests.unit.services.test_services_parametrized.TestDuplicateReservation" name="test_duplicate_detection[True-True-True]" time="0.003" /><testcase classname="tests.unit.services.test_services_parametrized.TestDuplicateReservation" name="test_duplicate_detection[True-False-False]" time="0.003" /><testcase classname="tests.unit.services.test_services_parametrized.TestDuplicateReservation" name="test_duplicate_detection[False-True-False]" time="0.003" /><testcase classname="tests.unit.services.test_services_parametrized.TestDuplicateReservation" name="test_duplicate_detection[False-False-False]" time="0.003" /><testcase classname="tests.unit.services.test_services_parametrized.TestDuplicateReservation" name="test_can_reserve_after_cancellation" time="0.003" /><testcase classname="tests.unit.services.test_services_parametrized.TestBlockedReaderCannotReserve" name="test_blocked_reader_raises" time="0.003" /><testcase classname="tests.unit.services.test_services_parametrized.TestEmptyReservationRepo" name="test_get_next_in_queue_empty" time="0.003" /><testcase classname="tests.unit.services.test_services_parametrized.TestEmptyReservationRepo" name="test_expire_old_empty" time="0.003" /><testcase classname="tests.unit.services.test_services_parametrized.TestMembershipUnpaidFineThresholds" name="test_fine_threshold[unpaid0-False]" time="0.003" /><testcase classname="tests.unit.services.test_services_parametrized.TestMembershipUnpaidFineThresholds" name="test_fine_threshold[unpaid1-False]" time="0.002" /><testcase classname="tests.unit.services.test_services_parametrized.TestMembershipUnpaidFineThresholds" name="test_fine_threshold[unpaid2-True]" time="0.002" /><testcase classname="tests.unit.services.test_services_parametrized.TestMembershipUnpaidFineThresholds" name="test_fine_threshold[unpaid3-True]" time="0.002" /><testcase classname="tests.unit.services.test_services_parametrized.TestMembershipUnpaidFineThresholds" name="test_fine_threshold[unpaid4-True]" time="0.003" /><testcase classname="tests.unit.services.test_services_parametrized.TestMembershipOverdueCountThresholds" name="test_overdue_threshold[0-False]" time="0.002" /><testcase classname="tests.unit.services.test_services_parametrized.TestMembershipOverdueCountThresholds" name="test_overdue_threshold[1-False]" time="0.002" /><testcase classname="tests.unit.services.test_services_parametrized.TestMembershipOverdueCountThresholds" name="test_overdue_threshold[2-False]" time="0.002" /><testcase classname="tests.unit.services.test_services_parametrized.TestMembershipOverdueCountThresholds" name="test_overdue_threshold[3-True]" time="0.002" /><testcase classname="tests.unit.services.test_services_parametrized.TestMembershipOverdueCountThresholds" name="test_overdue_threshold[4-True]" time="0.002" /><testcase classname="tests.unit.services.test_services_parametrized.TestMembershipOverdueCountThresholds" name="test_overdue_threshold[10-True]" time="0.002" /><testcase classname="tests.unit.services.test_services_parametrized.TestMembershipOverdueCountThresholds" name="test_zero_overdue_zero_fine_does_not_block" time="0.002" /><testcase classname="tests.unit.services.test_services_parametrized.TestMembershipCombinedThresholds" name="test_combined[unpaid0-0-False]" time="0.003" /><testcase classname="tests.unit.services.test_services_parametrized.TestMembershipCombinedThresholds" name="test_combined[unpaid1-3-True]" time="0.002" /><testcase classname="tests.unit.services.test_services_parametrized.TestMembershipCombinedThresholds" name="test_combined[unpaid2-0-True]" time="0.002" /><testcase classname="tests.unit.services.test_services_parametrized.TestMembershipCombinedThresholds" name="test_combined[unpaid3-3-True]" time="0.002" /><testcase classname="tests.unit.services.test_services_parametrized.TestMembershipCombinedThresholds" name="test_combined[unpaid4-2-False]" time="0.002" /><testcase classname="tests.unit.services.test_services_parametrized.TestMembershipUnblocksBelowThreshold" name="test_evaluate_unblocks[True-unpaid0-0-False]" time="0.002" /><testcase classname="tests.unit.services.test_services_parametrized.TestMembershipUnblocksBelowThreshold" name="test_evaluate_unblocks[True-unpaid1-0-True]" time="0.003" /><testcase classname="tests.unit.services.test_services_parametrized.TestMembershipUnblocksBelowThreshold" name="test_evaluate_unblocks[True-unpaid2-3-True]" time="0.002" /><testcase classname="tests.unit.services.test_services_parametrized.TestMembershipUnblocksBelowThreshold" name="test_evaluate_unblocks[False-unpaid3-0-False]" time="0.002" /><testcase classname="tests.unit.storage.test_book_repo.TestAdd" name="test_add_stores_book" time="0.001" /><testcase classname="tests.unit.storage.test_book_repo.TestAdd" name="test_add_duplicate_id_raises" time="0.001" /><testcase classname="tests.unit.storage.test_book_repo.TestAdd" name="test_add_two_distinct_books" time="0.000" /><testcase classname="tests.unit.storage.test_book_repo.TestGetById" name="test_existing_id_returns_book" time="0.000" /><testcase classname="tests.unit.storage.test_book_repo.TestGetById" name="test_missing_id_returns_none" time="0.000" /><testcase classname="tests.unit.storage.test_book_repo.TestGetByIsbn" name="test_existing_isbn_returns_book" time="0.000" /><testcase classname="tests.unit.storage.test_book_repo.TestGetByIsbn" name="test_missing_isbn_returns_none" time="0.000" /><testcase classname="tests.unit.storage.test_book_repo.TestGetByIsbn" name="test_isbn_match_is_exact" time="0.000" /><testcase classname="tests.unit.storage.test_book_repo.TestListAll" name="test_empty_repo_returns_empty_list" time="0.000" /><testcase classname="tests.unit.storage.test_book_repo.TestListAll" name="test_returns_all_added_books" time="0.000" /><testcase classname="tests.unit.storage.test_book_repo.TestListAll" name="test_returns_defensive_copy" time="0.000" /><testcase classname="tests.unit.storage.test_book_repo.TestUpdate" name="test_update_replaces_entry" time="0.000" /><testcase classname="tests.unit.storage.test_book_repo.TestUpdate" name="test_update_nonexistent_raises" time="0.000" /><testcase classname="tests.unit.storage.test_book_repo.TestUpdate" name="test_update_status" time="0.000" /><testcase classname="tests.unit.storage.test_book_repo.TestDelete" name="test_delete_removes_book" time="0.000" /><testcase classname="tests.unit.storage.test_book_repo.TestDelete" name="test_delete_reduces_list_size" time="0.000" /><testcase classname="tests.unit.storage.test_book_repo.TestDelete" name="test_delete_nonexistent_raises" time="0.000" /><testcase classname="tests.unit.storage.test_book_repo.TestFindByTitle" name="test_case_insensitive_full_match" time="0.001" /><testcase classname="tests.unit.storage.test_book_repo.TestFindByTitle" name="test_partial_substring_match" time="0.001" /><testcase classname="tests.unit.storage.test_book_repo.TestFindByTitle" name="test_no_match_returns_empty" time="0.001" /><testcase classname="tests.unit.storage.test_book_repo.TestFindByTitle" name="test_matches_multiple_books" time="0.001" /><testcase classname="tests.unit.storage.test_book_repo.TestFindByTitle" name="test_empty_query_matches_all" time="0.001" /><testcase classname="tests.unit.storage.test_book_repo.TestFindByAuthor" name="test_case_insensitive_full_match" time="0.001" /><testcase classname="tests.unit.storage.test_book_repo.TestFindByAuthor" name="test_partial_match" time="0.001" /><testcase classname="tests.unit.storage.test_book_repo.TestFindByAuthor" name="test_no_match_returns_empty" time="0.001" /><testcase classname="tests.unit.storage.test_book_repo.TestFindByAuthor" name="test_matches_multiple_books_by_same_author" time="0.001" /><testcase classname="tests.unit.storage.test_book_repo.TestFindAvailable" name="test_book_with_copies_is_returned" time="0.001" /><testcase classname="tests.unit.storage.test_book_repo.TestFindAvailable" name="test_book_with_zero_copies_excluded" time="0.000" /><testcase classname="tests.unit.storage.test_book_repo.TestFindAvailable" name="test_mixed_returns_only_available" time="0.001" /><testcase classname="tests.unit.storage.test_book_repo.TestFindAvailable" name="test_empty_repo_returns_empty" time="0.000" /><testcase classname="tests.unit.storage.test_fine_repo.TestAdd" name="test_add_stores_fine" time="0.001" /><testcase classname="tests.unit.storage.test_fine_repo.TestAdd" name="test_add_duplicate_id_raises" time="0.001" /><testcase classname="tests.unit.storage.test_fine_repo.TestAdd" name="test_add_two_distinct_fines" time="0.000" /><testcase classname="tests.unit.storage.test_fine_repo.TestGetById" name="test_existing_id_returns_fine" time="0.001" /><testcase classname="tests.unit.storage.test_fine_repo.TestGetById" name="test_missing_id_returns_none" time="0.001" /><testcase classname="tests.unit.storage.test_fine_repo.TestListAll" name="test_empty_repo_returns_empty_list" time="0.001" /><testcase classname="tests.unit.storage.test_fine_repo.TestListAll" name="test_returns_all_fines" time="0.002" /><testcase classname="tests.unit.storage.test_fine_repo.TestListAll" name="test_returns_defensive_copy" time="0.001" /><testcase classname="tests.unit.storage.test_fine_repo.TestUpdate" name="test_update_marks_paid" time="0.001" /><testcase classname="tests.unit.storage.test_fine_repo.TestUpdate" name="test_update_nonexistent_raises" time="0.001" /><testcase classname="tests.unit.storage.test_fine_repo.TestDelete" name="test_delete_removes_fine" time="0.001" /><testcase classname="tests.unit.storage.test_fine_repo.TestDelete" name="test_delete_nonexistent_raises" time="0.000" /><testcase classname="tests.unit.storage.test_fine_repo.TestFindByReader" name="test_returns_fines_for_reader" time="0.000" /><testcase classname="tests.unit.storage.test_fine_repo.TestFindByReader" name="test_no_match_returns_empty" time="0.000" /><testcase classname="tests.unit.storage.test_fine_repo.TestFindByReader" name="test_returns_multiple_fines_for_reader" time="0.000" /><testcase classname="tests.unit.storage.test_fine_repo.TestFindByLoan" name="test_returns_fines_for_loan" time="0.000" /><testcase classname="tests.unit.storage.test_fine_repo.TestFindByLoan" name="test_no_match_returns_empty" time="0.000" /><testcase classname="tests.unit.storage.test_fine_repo.TestFindUnpaid" name="test_unpaid_fine_is_returned" time="0.000" /><testcase classname="tests.unit.storage.test_fine_repo.TestFindUnpaid" name="test_paid_fine_excluded" time="0.000" /><testcase classname="tests.unit.storage.test_fine_repo.TestFindUnpaid" name="test_mixed_returns_only_unpaid" time="0.000" /><testcase classname="tests.unit.storage.test_fine_repo.TestFindUnpaid" name="test_empty_repo_returns_empty" time="0.000" /><testcase classname="tests.unit.storage.test_fine_repo.TestFindUnpaidByReader" name="test_returns_unpaid_for_reader" time="0.000" /><testcase classname="tests.unit.storage.test_fine_repo.TestFindUnpaidByReader" name="test_excludes_other_readers" time="0.000" /><testcase classname="tests.unit.storage.test_fine_repo.TestFindUnpaidByReader" name="test_no_fines_returns_empty" time="0.000" /><testcase classname="tests.unit.storage.test_fine_repo.TestTotalUnpaidByReader" name="test_sums_unpaid_fines" time="0.000" /><testcase classname="tests.unit.storage.test_fine_repo.TestTotalUnpaidByReader" name="test_excludes_paid_fines_from_total" time="0.000" /><testcase classname="tests.unit.storage.test_fine_repo.TestTotalUnpaidByReader" name="test_returns_zero_when_no_fines" time="0.000" /><testcase classname="tests.unit.storage.test_fine_repo.TestTotalUnpaidByReader" name="test_excludes_other_readers_from_total" time="0.000" /><testcase classname="tests.unit.storage.test_fine_repo.TestTotalUnpaidByReader" name="test_all_paid_returns_zero" time="0.000" /><testcase classname="tests.unit.storage.test_loan_repo.TestAdd" name="test_add_stores_loan" time="0.000" /><testcase classname="tests.unit.storage.test_loan_repo.TestAdd" name="test_add_duplicate_id_raises" time="0.001" /><testcase classname="tests.unit.storage.test_loan_repo.TestAdd" name="test_add_two_distinct_loans" time="0.000" /><testcase classname="tests.unit.storage.test_loan_repo.TestGetById" name="test_existing_id_returns_loan" time="0.000" /><testcase classname="tests.unit.storage.test_loan_repo.TestGetById" name="test_missing_id_returns_none" time="0.000" /><testcase classname="tests.unit.storage.test_loan_repo.TestListAll" name="test_empty_repo_returns_empty_list" time="0.000" /><testcase classname="tests.unit.storage.test_loan_repo.TestListAll" name="test_returns_all_loans" time="0.000" /><testcase classname="tests.unit.storage.test_loan_repo.TestListAll" name="test_returns_defensive_copy" time="0.001" /><testcase classname="tests.unit.storage.test_loan_repo.TestUpdate" name="test_update_sets_returned_at" time="0.001" /><testcase classname="tests.unit.storage.test_loan_repo.TestUpdate" name="test_update_nonexistent_raises" time="0.001" /><testcase classname="tests.unit.storage.test_loan_repo.TestDelete" name="test_delete_removes_loan" time="0.001" /><testcase classname="tests.unit.storage.test_loan_repo.TestDelete" name="test_delete_nonexistent_raises" time="0.001" /><testcase classname="tests.unit.storage.test_loan_repo.TestFindByReader" name="test_returns_loans_for_reader" time="0.001" /><testcase classname="tests.unit.storage.test_loan_repo.TestFindByReader" name="test_no_match_returns_empty" time="0.001" /><testcase classname="tests.unit.storage.test_loan_repo.TestFindByReader" name="test_returns_all_loans_for_reader" time="0.001" /><testcase classname="tests.unit.storage.test_loan_repo.TestFindByReader" name="test_does_not_include_other_readers" time="0.001" /><testcase classname="tests.unit.storage.test_loan_repo.TestFindByBook" name="test_returns_loans_for_book" time="0.001" /><testcase classname="tests.unit.storage.test_loan_repo.TestFindByBook" name="test_no_match_returns_empty" time="0.001" /><testcase classname="tests.unit.storage.test_loan_repo.TestFindByBook" name="test_returns_all_loans_for_book" time="0.001" /><testcase classname="tests.unit.storage.test_loan_repo.TestFindActive" name="test_open_loan_is_active" time="0.001" /><testcase classname="tests.unit.storage.test_loan_repo.TestFindActive" name="test_returned_loan_excluded" time="0.000" /><testcase classname="tests.unit.storage.test_loan_repo.TestFindActive" name="test_mixed_returns_only_open" time="0.001" /><testcase classname="tests.unit.storage.test_loan_repo.TestFindActive" name="test_empty_repo_returns_empty" time="0.000" /><testcase classname="tests.unit.storage.test_loan_repo.TestFindActiveByReader" name="test_returns_open_loans_for_reader" time="0.000" /><testcase classname="tests.unit.storage.test_loan_repo.TestFindActiveByReader" name="test_excludes_returned_loans_for_reader" time="0.001" /><testcase classname="tests.unit.storage.test_loan_repo.TestFindActiveByReader" name="test_no_match_returns_empty" time="0.000" /><testcase classname="tests.unit.storage.test_loan_repo.TestFindActiveByReader" name="test_mixes_open_and_returned_for_same_reader" time="0.000" /><testcase classname="tests.unit.storage.test_loan_repo.TestFindOverdue" name="test_open_loan_past_due_is_overdue" time="0.000" /><testcase classname="tests.unit.storage.test_loan_repo.TestFindOverdue" name="test_returns_overdue_open_loan" time="0.001" /><testcase classname="tests.unit.storage.test_loan_repo.TestFindOverdue" name="test_returned_loan_excluded_even_if_past_due" time="0.000" /><testcase classname="tests.unit.storage.test_loan_repo.TestFindOverdue" name="test_not_overdue_before_due_date" time="0.000" /><testcase classname="tests.unit.storage.test_loan_repo.TestFindOverdue" name="test_not_overdue_exactly_at_due_date" time="0.000" /><testcase classname="tests.unit.storage.test_loan_repo.TestFindOverdue" name="test_multiple_overdue_loans_returned" time="0.000" /><testcase classname="tests.unit.storage.test_reader_repo.TestAdd" name="test_add_stores_reader" time="0.000" /><testcase classname="tests.unit.storage.test_reader_repo.TestAdd" name="test_add_duplicate_id_raises" time="0.001" /><testcase classname="tests.unit.storage.test_reader_repo.TestAdd" name="test_add_two_distinct_readers" time="0.000" /><testcase classname="tests.unit.storage.test_reader_repo.TestGetById" name="test_existing_id_returns_reader" time="0.000" /><testcase classname="tests.unit.storage.test_reader_repo.TestGetById" name="test_missing_id_returns_none" time="0.000" /><testcase classname="tests.unit.storage.test_reader_repo.TestListAll" name="test_empty_repo_returns_empty_list" time="0.000" /><testcase classname="tests.unit.storage.test_reader_repo.TestListAll" name="test_returns_all_added_readers" time="0.000" /><testcase classname="tests.unit.storage.test_reader_repo.TestListAll" name="test_returns_defensive_copy" time="0.000" /><testcase classname="tests.unit.storage.test_reader_repo.TestUpdate" name="test_update_modifies_stored_reader" time="0.000" /><testcase classname="tests.unit.storage.test_reader_repo.TestUpdate" name="test_update_increments_active_loans" time="0.000" /><testcase classname="tests.unit.storage.test_reader_repo.TestUpdate" name="test_update_nonexistent_raises" time="0.000" /><testcase classname="tests.unit.storage.test_reader_repo.TestDelete" name="test_delete_removes_reader" time="0.000" /><testcase classname="tests.unit.storage.test_reader_repo.TestDelete" name="test_delete_reduces_list_size" time="0.000" /><testcase classname="tests.unit.storage.test_reader_repo.TestDelete" name="test_delete_nonexistent_raises" time="0.000" /><testcase classname="tests.unit.storage.test_reader_repo.TestFindByName" name="test_case_insensitive_match" time="0.000" /><testcase classname="tests.unit.storage.test_reader_repo.TestFindByName" name="test_partial_substring_match" time="0.000" /><testcase classname="tests.unit.storage.test_reader_repo.TestFindByName" name="test_no_match_returns_empty" time="0.000" /><testcase classname="tests.unit.storage.test_reader_repo.TestFindByName" name="test_matches_multiple_readers" time="0.000" /><testcase classname="tests.unit.storage.test_reader_repo.TestFindActive" name="test_unblocked_reader_is_active" time="0.000" /><testcase classname="tests.unit.storage.test_reader_repo.TestFindActive" name="test_blocked_reader_excluded" time="0.000" /><testcase classname="tests.unit.storage.test_reader_repo.TestFindActive" name="test_mixed_returns_only_unblocked" time="0.000" /><testcase classname="tests.unit.storage.test_reader_repo.TestFindActive" name="test_empty_repo_returns_empty" time="0.000" /><testcase classname="tests.unit.storage.test_reader_repo.TestFindBlocked" name="test_blocked_reader_is_returned" time="0.000" /><testcase classname="tests.unit.storage.test_reader_repo.TestFindBlocked" name="test_unblocked_reader_excluded" time="0.000" /><testcase classname="tests.unit.storage.test_reader_repo.TestFindBlocked" name="test_mixed_returns_only_blocked" time="0.000" /><testcase classname="tests.unit.storage.test_reservation_repo.TestAdd" name="test_add_stores_reservation" time="0.000" /><testcase classname="tests.unit.storage.test_reservation_repo.TestAdd" name="test_add_duplicate_id_raises" time="0.001" /><testcase classname="tests.unit.storage.test_reservation_repo.TestAdd" name="test_add_two_distinct_reservations" time="0.000" /><testcase classname="tests.unit.storage.test_reservation_repo.TestGetById" name="test_existing_id_returns_reservation" time="0.000" /><testcase classname="tests.unit.storage.test_reservation_repo.TestGetById" name="test_missing_id_returns_none" time="0.000" /><testcase classname="tests.unit.storage.test_reservation_repo.TestListAll" name="test_empty_repo_returns_empty_list" time="0.000" /><testcase classname="tests.unit.storage.test_reservation_repo.TestListAll" name="test_returns_all_reservations" time="0.001" /><testcase classname="tests.unit.storage.test_reservation_repo.TestListAll" name="test_returns_defensive_copy" time="0.001" /><testcase classname="tests.unit.storage.test_reservation_repo.TestUpdate" name="test_update_changes_status" time="0.001" /><testcase classname="tests.unit.storage.test_reservation_repo.TestUpdate" name="test_update_nonexistent_raises" time="0.001" /><testcase classname="tests.unit.storage.test_reservation_repo.TestDelete" name="test_delete_removes_reservation" time="0.001" /><testcase classname="tests.unit.storage.test_reservation_repo.TestDelete" name="test_delete_nonexistent_raises" time="0.001" /><testcase classname="tests.unit.storage.test_reservation_repo.TestFindByReader" name="test_returns_reservations_for_reader" time="0.001" /><testcase classname="tests.unit.storage.test_reservation_repo.TestFindByReader" name="test_no_match_returns_empty" time="0.001" /><testcase classname="tests.unit.storage.test_reservation_repo.TestFindByReader" name="test_returns_all_statuses_for_reader" time="0.001" /><testcase classname="tests.unit.storage.test_reservation_repo.TestFindByBook" name="test_returns_reservations_for_book" time="0.001" /><testcase classname="tests.unit.storage.test_reservation_repo.TestFindByBook" name="test_no_match_returns_empty" time="0.001" /><testcase classname="tests.unit.storage.test_reservation_repo.TestFindActive" name="test_active_status_is_included" time="0.001" /><testcase classname="tests.unit.storage.test_reservation_repo.TestFindActive" name="test_cancelled_is_excluded" time="0.000" /><testcase classname="tests.unit.storage.test_reservation_repo.TestFindActive" name="test_fulfilled_is_excluded" time="0.001" /><testcase classname="tests.unit.storage.test_reservation_repo.TestFindActive" name="test_expired_is_excluded" time="0.001" /><testcase classname="tests.unit.storage.test_reservation_repo.TestFindActive" name="test_mixed_returns_only_active" time="0.000" /><testcase classname="tests.unit.storage.test_reservation_repo.TestFindActiveByBook" name="test_returns_active_for_book" time="0.000" /><testcase classname="tests.unit.storage.test_reservation_repo.TestFindActiveByBook" name="test_excludes_non_active_for_book" time="0.000" /><testcase classname="tests.unit.storage.test_reservation_repo.TestFindActiveByBook" name="test_no_match_returns_empty" time="0.000" /><testcase classname="tests.unit.storage.test_reservation_repo.TestFindActiveByBook" name="test_does_not_include_active_for_other_book" time="0.000" /><testcase classname="tests.unit.storage.test_storage_parametrized.TestBookRepoEmpty" name="test_list_all_empty" time="0.000" /><testcase classname="tests.unit.storage.test_storage_parametrized.TestBookRepoEmpty" name="test_get_by_id_empty" time="0.000" /><testcase classname="tests.unit.storage.test_storage_parametrized.TestBookRepoEmpty" name="test_get_by_isbn_empty" time="0.000" /><testcase classname="tests.unit.storage.test_storage_parametrized.TestBookRepoEmpty" name="test_find_by_title_empty" time="0.000" /><testcase classname="tests.unit.storage.test_storage_parametrized.TestBookRepoEmpty" name="test_find_by_author_empty" time="0.000" /><testcase classname="tests.unit.storage.test_storage_parametrized.TestBookRepoEmpty" name="test_find_available_empty" time="0.000" /><testcase classname="tests.unit.storage.test_storage_parametrized.TestBookRepoSizes" name="test_list_all_n_books[1]" time="0.000" /><testcase classname="tests.unit.storage.test_storage_parametrized.TestBookRepoSizes" name="test_list_all_n_books[3]" time="0.001" /><testcase classname="tests.unit.storage.test_storage_parametrized.TestBookRepoSizes" name="test_list_all_n_books[5]" time="0.000" /><testcase classname="tests.unit.storage.test_storage_parametrized.TestBookRepoSizes" name="test_list_all_n_books[10]" time="0.001" /><testcase classname="tests.unit.storage.test_storage_parametrized.TestBookAvailableCopiesBoundaries" name="test_find_available_counts[available_counts0-0]" time="0.001" /><testcase classname="tests.unit.storage.test_storage_parametrized.TestBookAvailableCopiesBoundaries" name="test_find_available_counts[available_counts1-1]" time="0.000" /><testcase classname="tests.unit.storage.test_storage_parametrized.TestBookAvailableCopiesBoundaries" name="test_find_available_counts[available_counts2-1]" time="0.000" /><testcase classname="tests.unit.storage.test_storage_parametrized.TestBookAvailableCopiesBoundaries" name="test_find_available_counts[available_counts3-0]" time="0.000" /><testcase classname="tests.unit.storage.test_storage_parametrized.TestBookAvailableCopiesBoundaries" name="test_find_available_counts[available_counts4-3]" time="0.001" /><testcase classname="tests.unit.storage.test_storage_parametrized.TestBookAvailableCopiesBoundaries" name="test_find_available_counts[available_counts5-2]" time="0.001" /><testcase classname="tests.unit.storage.test_storage_parametrized.TestBookTitleSearch" name="test_find_by_title[python-1]" time="0.001" /><testcase classname="tests.unit.storage.test_storage_parametrized.TestBookTitleSearch" name="test_find_by_title[PYTHON-1]" time="0.001" /><testcase classname="tests.unit.storage.test_storage_parametrized.TestBookTitleSearch" name="test_find_by_title[Java-1]" time="0.001" /><testcase classname="tests.unit.storage.test_storage_parametrized.TestBookTitleSearch" name="test_find_by_title[code-2]" time="0.001" /><testcase classname="tests.unit.storage.test_storage_parametrized.TestBookTitleSearch" name="test_find_by_title[rust-0]" time="0.001" /><testcase classname="tests.unit.storage.test_storage_parametrized.TestBookTitleSearch" name="test_find_by_title[-3]" time="0.001" /><testcase classname="tests.unit.storage.test_storage_parametrized.TestBookAuthorSearch" name="test_find_by_author[martin-3]" time="0.001" /><testcase classname="tests.unit.storage.test_storage_parametrized.TestBookAuthorSearch" name="test_find_by_author[MARTIN-3]" time="0.001" /><testcase classname="tests.unit.storage.test_storage_parametrized.TestBookAuthorSearch" name="test_find_by_author[fowler-1]" time="0.001" /><testcase classname="tests.unit.storage.test_storage_parametrized.TestBookAuthorSearch" name="test_find_by_author[robert-2]" time="0.001" /><testcase classname="tests.unit.storage.test_storage_parametrized.TestBookAuthorSearch" name="test_find_by_author[gamma-0]" time="0.000" /><testcase classname="tests.unit.storage.test_storage_parametrized.TestBookAuthorSearch" name="test_find_by_author[-3]" time="0.001" /><testcase classname="tests.unit.storage.test_storage_parametrized.TestReaderRepoEmpty" name="test_list_all_empty" time="0.000" /><testcase classname="tests.unit.storage.test_storage_parametrized.TestReaderRepoEmpty" name="test_get_by_id_empty" time="0.000" /><testcase classname="tests.unit.storage.test_storage_parametrized.TestReaderRepoEmpty" name="test_find_active_empty" time="0.000" /><testcase classname="tests.unit.storage.test_storage_parametrized.TestReaderRepoEmpty" name="test_find_blocked_empty" time="0.000" /><testcase classname="tests.unit.storage.test_storage_parametrized.TestReaderRepoEmpty" name="test_find_by_name_empty" time="0.000" /><testcase classname="tests.unit.storage.test_storage_parametrized.TestReaderActiveBlockedMix" name="test_active_blocked_split[blocked_flags0-1-0]" time="0.001" /><testcase classname="tests.unit.storage.test_storage_parametrized.TestReaderActiveBlockedMix" name="test_active_blocked_split[blocked_flags1-0-1]" time="0.001" /><testcase classname="tests.unit.storage.test_storage_parametrized.TestReaderActiveBlockedMix" name="test_active_blocked_split[blocked_flags2-1-1]" time="0.001" /><testcase classname="tests.unit.storage.test_storage_parametrized.TestReaderActiveBlockedMix" name="test_active_blocked_split[blocked_flags3-2-2]" time="0.001" /><testcase classname="tests.unit.storage.test_storage_parametrized.TestReaderActiveBlockedMix" name="test_active_blocked_split[blocked_flags4-0-3]" time="0.001" /><testcase classname="tests.unit.storage.test_storage_parametrized.TestReaderNameSearch" name="test_find_by_name[alice-2]" time="0.001" /><testcase classname="tests.unit.storage.test_storage_parametrized.TestReaderNameSearch" name="test_find_by_name[ALICE-2]" time="0.001" /><testcase classname="tests.unit.storage.test_storage_parametrized.TestReaderNameSearch" name="test_find_by_name[smith-1]" time="0.001" /><testcase classname="tests.unit.storage.test_storage_parametrized.TestReaderNameSearch" name="test_find_by_name[bob-1]" time="0.001" /><testcase classname="tests.unit.storage.test_storage_parametrized.TestReaderNameSearch" name="test_find_by_name[charlie-0]" time="0.001" /><testcase classname="tests.unit.storage.test_storage_parametrized.TestReaderNameSearch" name="test_find_by_name[-3]" time="0.001" /><testcase classname="tests.unit.storage.test_storage_parametrized.TestLoanRepoEmpty" name="test_list_all_empty" time="0.000" /><testcase classname="tests.unit.storage.test_storage_parametrized.TestLoanRepoEmpty" name="test_get_by_id_empty" time="0.000" /><testcase classname="tests.unit.storage.test_storage_parametrized.TestLoanRepoEmpty" name="test_find_active_empty" time="0.000" /><testcase classname="tests.unit.storage.test_storage_parametrized.TestLoanRepoEmpty" name="test_find_by_reader_empty" time="0.000" /><testcase classname="tests.unit.storage.test_storage_parametrized.TestLoanRepoEmpty" name="test_find_overdue_empty" time="0.000" /><testcase classname="tests.unit.storage.test_storage_parametrized.TestLoanActiveReturnedMix" name="test_find_active_count[returned_flags0-1]" time="0.001" /><testcase classname="tests.unit.storage.test_storage_parametrized.TestLoanActiveReturnedMix" name="test_find_active_count[returned_flags1-0]" time="0.001" /><testcase classname="tests.unit.storage.test_storage_parametrized.TestLoanActiveReturnedMix" name="test_find_active_count[returned_flags2-1]" time="0.001" /><testcase classname="tests.unit.storage.test_storage_parametrized.TestLoanActiveReturnedMix" name="test_find_active_count[returned_flags3-2]" time="0.000" /><testcase classname="tests.unit.storage.test_storage_parametrized.TestLoanActiveReturnedMix" name="test_find_active_count[returned_flags4-0]" time="0.001" /><testcase classname="tests.unit.storage.test_storage_parametrized.TestLoanOverdueBoundaries" name="test_single_loan_overdue_at_boundary[-1-0]" time="0.001" /><testcase classname="tests.unit.storage.test_storage_parametrized.TestLoanOverdueBoundaries" name="test_single_loan_overdue_at_boundary[0-0]" time="0.001" /><testcase classname="tests.unit.storage.test_storage_parametrized.TestLoanOverdueBoundaries" name="test_single_loan_overdue_at_boundary[1-1]" time="0.001" /><testcase classname="tests.unit.storage.test_storage_parametrized.TestLoanOverdueBoundaries" name="test_single_loan_overdue_at_boundary[7-1]" time="0.001" /><testcase classname="tests.unit.storage.test_storage_parametrized.TestLoanOverdueBoundaries" name="test_single_loan_overdue_at_boundary[30-1]" time="0.001" /><testcase classname="tests.unit.storage.test_storage_parametrized.TestLoanOverdueBoundaries" name="test_returned_loan_never_overdue" time="0.000" /><testcase classname="tests.unit.storage.test_storage_parametrized.TestLoanOverdueBoundaries" name="test_multiple_overdue_loans[0]" time="0.000" /><testcase classname="tests.unit.storage.test_storage_parametrized.TestLoanOverdueBoundaries" name="test_multiple_overdue_loans[1]" time="0.001" /><testcase classname="tests.unit.storage.test_storage_parametrized.TestLoanOverdueBoundaries" name="test_multiple_overdue_loans[3]" time="0.001" /><testcase classname="tests.unit.storage.test_storage_parametrized.TestLoanOverdueBoundaries" name="test_multiple_overdue_loans[5]" time="0.000" /><testcase classname="tests.unit.storage.test_storage_parametrized.TestReservationRepoEmpty" name="test_list_all_empty" time="0.000" /><testcase classname="tests.unit.storage.test_storage_parametrized.TestReservationRepoEmpty" name="test_find_active_empty" time="0.000" /><testcase classname="tests.unit.storage.test_storage_parametrized.TestReservationRepoEmpty" name="test_find_active_by_book_empty" time="0.000" /><testcase classname="tests.unit.storage.test_storage_parametrized.TestReservationRepoEmpty" name="test_find_by_reader_empty" time="0.000" /><testcase classname="tests.unit.storage.test_storage_parametrized.TestReservationStatusFiltering" name="test_find_active_filters_by_status[ReservationStatus.ACTIVE-True]" time="0.001" /><testcase classname="tests.unit.storage.test_storage_parametrized.TestReservationStatusFiltering" name="test_find_active_filters_by_status[ReservationStatus.CANCELLED-False]" time="0.000" /><testcase classname="tests.unit.storage.test_storage_parametrized.TestReservationStatusFiltering" name="test_find_active_filters_by_status[ReservationStatus.FULFILLED-False]" time="0.000" /><testcase classname="tests.unit.storage.test_storage_parametrized.TestReservationStatusFiltering" name="test_find_active_filters_by_status[ReservationStatus.EXPIRED-False]" time="0.000" /><testcase classname="tests.unit.storage.test_storage_parametrized.TestReservationStatusFiltering" name="test_find_active_by_book_filters_status[ReservationStatus.ACTIVE-True]" time="0.000" /><testcase classname="tests.unit.storage.test_storage_parametrized.TestReservationStatusFiltering" name="test_find_active_by_book_filters_status[ReservationStatus.CANCELLED-False]" time="0.001" /><testcase classname="tests.unit.storage.test_storage_parametrized.TestReservationStatusFiltering" name="test_find_active_by_book_filters_status[ReservationStatus.FULFILLED-False]" time="0.000" /><testcase classname="tests.unit.storage.test_storage_parametrized.TestReservationStatusFiltering" name="test_find_active_by_book_filters_status[ReservationStatus.EXPIRED-False]" time="0.000" /><testcase classname="tests.unit.storage.test_storage_parametrized.TestReservationQueueOrdering" name="test_find_active_by_book_count[0]" time="0.000" /><testcase classname="tests.unit.storage.test_storage_parametrized.TestReservationQueueOrdering" name="test_find_active_by_book_count[1]" time="0.000" /><testcase classname="tests.unit.storage.test_storage_parametrized.TestReservationQueueOrdering" name="test_find_active_by_book_count[3]" time="0.000" /><testcase classname="tests.unit.storage.test_storage_parametrized.TestReservationQueueOrdering" name="test_find_active_by_book_count[5]" time="0.000" /><testcase classname="tests.unit.storage.test_storage_parametrized.TestFineRepoEmpty" name="test_list_all_empty" time="0.000" /><testcase classname="tests.unit.storage.test_storage_parametrized.TestFineRepoEmpty" name="test_find_unpaid_empty" time="0.000" /><testcase classname="tests.unit.storage.test_storage_parametrized.TestFineRepoEmpty" name="test_find_by_reader_empty" time="0.000" /><testcase classname="tests.unit.storage.test_storage_parametrized.TestFineRepoEmpty" name="test_total_unpaid_empty_returns_zero" time="0.000" /><testcase classname="tests.unit.storage.test_storage_parametrized.TestFineTotalUnpaidBoundaries" name="test_total_unpaid[amounts0-paid_flags0-expected_total0]" time="0.001" /><testcase classname="tests.unit.storage.test_storage_parametrized.TestFineTotalUnpaidBoundaries" name="test_total_unpaid[amounts1-paid_flags1-expected_total1]" time="0.001" /><testcase classname="tests.unit.storage.test_storage_parametrized.TestFineTotalUnpaidBoundaries" name="test_total_unpaid[amounts2-paid_flags2-expected_total2]" time="0.001" /><testcase classname="tests.unit.storage.test_storage_parametrized.TestFineTotalUnpaidBoundaries" name="test_total_unpaid[amounts3-paid_flags3-expected_total3]" time="0.001" /><testcase classname="tests.unit.storage.test_storage_parametrized.TestFineTotalUnpaidBoundaries" name="test_total_unpaid[amounts4-paid_flags4-expected_total4]" time="0.001" /><testcase classname="tests.unit.storage.test_storage_parametrized.TestFineTotalUnpaidBoundaries" name="test_total_unpaid[amounts5-paid_flags5-expected_total5]" time="0.001" /><testcase classname="tests.unit.storage.test_storage_parametrized.TestFineTotalUnpaidBoundaries" name="test_total_unpaid[amounts6-paid_flags6-expected_total6]" time="0.001" /><testcase classname="tests.unit.storage.test_storage_parametrized.TestFineUnpaidFiltering" name="test_find_unpaid_counts[0-0]" time="0.001" /><testcase classname="tests.unit.storage.test_storage_parametrized.TestFineUnpaidFiltering" name="test_find_unpaid_counts[0-1]" time="0.000" /><testcase classname="tests.unit.storage.test_storage_parametrized.TestFineUnpaidFiltering" name="test_find_unpaid_counts[0-3]" time="0.000" /><testcase classname="tests.unit.storage.test_storage_parametrized.TestFineUnpaidFiltering" name="test_find_unpaid_counts[2-0]" time="0.001" /><testcase classname="tests.unit.storage.test_storage_parametrized.TestFineUnpaidFiltering" name="test_find_unpaid_counts[2-3]" time="0.000" /><testcase classname="tests.unit.storage.test_storage_parametrized.TestFineTotalIsolatedByReader" name="test_total_unpaid_isolated[r1_unpaid0-r2_unpaid0]" time="0.001" /><testcase classname="tests.unit.storage.test_storage_parametrized.TestFineTotalIsolatedByReader" name="test_total_unpaid_isolated[r1_unpaid1-r2_unpaid1]" time="0.000" /><testcase classname="tests.unit.storage.test_storage_parametrized.TestFineTotalIsolatedByReader" name="test_total_unpaid_isolated[r1_unpaid2-r2_unpaid2]" time="0.002" /></testsuite></testsuites>